// Vitest Snapshot v1, https://vitest.dev/guide/snapshot.html

exports[`scrape levels > should be the same levels 1`] = `
[
  {
    "en_name": "PLEASANT",
    "jp_name": "快",
    "max_value": "10",
    "min_value": "01",
  },
  {
    "en_name": "PAINFUL",
    "jp_name": "苦",
    "max_value": "20",
    "min_value": "11",
  },
  {
    "en_name": "DEATH",
    "jp_name": "死",
    "max_value": "30",
    "min_value": "21",
  },
  {
    "en_name": "HELL",
    "jp_name": "地獄",
    "max_value": "40",
    "min_value": "31",
  },
  {
    "en_name": "PARADISE",
    "jp_name": "天国",
    "max_value": "50",
    "min_value": "41",
  },
  {
    "en_name": "REALITY",
    "jp_name": "現実",
    "max_value": "60",
    "min_value": "51",
  },
]
`;
